  error - lib/presentation/screens/goals_screen.dart:198:9 - Undefined class 'AppGoal'. Try changing the name to the name of an existing class, or creating a class with the name 'AppGoal'. - undefined_class
  error - test/accessibility/accessibility_test.dart:47:24 - The class 'SemanticsHandle' doesn't have an unnamed constructor. Try using one of the named constructors defined in 'SemanticsHandle'. - new_with_undefined_constructor_default
  error - test/accessibility/accessibility_test.dart:120:32 - Undefined name 'SemanticsFlag'. Try correcting the name to one that is defined, or defining the name. - undefined_identifier
  error - test/performance/startup_performance_test.dart:35:15 - The setter 'framePolicy' isn't defined for the type 'TestWidgetsFlutterBinding'. Try importing the library that defines 'framePolicy', correcting the name to the name of an existing setter, or defining a setter or field named 'framePolicy'. - undefined_setter
  error - test/performance/startup_performance_test.dart:60:20 - The method 'waitUntil' isn't defined for the type 'WidgetTester'. Try correcting the name to the name of an existing method, or defining a method named 'waitUntil'. - undefined_method
  error - test/unit/services/habit_service_test.dart:130:7 - The named parameter 'notifications' isn't defined. Try correcting the name to an existing named parameter's name, or defining a named parameter with the name 'notifications'. - undefined_named_parameter
  error - test/unit/services/score_calculator_test.dart:179:7 - The named parameter 'goalRepository' isn't defined. Try correcting the name to an existing named parameter's name, or defining a named parameter with the name 'goalRepository'. - undefined_named_parameter
  error - test/unit/services/score_calculator_test.dart:180:7 - The named parameter 'habitRepository' isn't defined. Try correcting the name to an existing named parameter's name, or defining a named parameter with the name 'habitRepository'. - undefined_named_parameter
  error - test/unit/services/streak_calculator_test.dart:60:21 - A value of type 'int?' can't be assigned to a variable of type 'int'. Try changing the type of the variable, or casting the right-hand type to 'int'. - invalid_assignment
  error - test/widget/screens/home_screen_test.dart:20:27 - Undefined class 'T'. Try changing the name to the name of an existing class, or creating a class with the name 'T'. - undefined_class
  error - test/widget/screens/home_screen_test.dart:20:49 - Too many positional arguments: 0 expected, but 1 found. Try removing the extra arguments. - extra_positional_arguments
  error - test/widget/screens/home_screen_test.dart:22:7 - The redirected constructor 'AsyncError<dynamic> Function()' has incompatible parameters with 'AsyncValue Function(Object, StackTrace)'. Try redirecting to a different constructor. - redirect_to_invalid_function_type
  error - test/widget/screens/home_screen_test.dart:25:50 - 'class AsyncValue' can't be used in both the 'extends' and 'implements' clauses. Try removing one of the occurrences. - implements_super_class
  error - test/widget/screens/home_screen_test.dart:29:53 - 'class AsyncValue' can't be used in both the 'extends' and 'implements' clauses. Try removing one of the occurrences. - implements_super_class
  error - test/widget/screens/home_screen_test.dart:33:51 - 'class AsyncValue' can't be used in both the 'extends' and 'implements' clauses. Try removing one of the occurrences. - implements_super_class
  error - test/widget/screens/home_screen_test.dart:103:51 - The constructor being called isn't a const constructor. Try removing 'const' from the constructor invocation. - const_with_non_const
warning - lib/core/fixes/firebase_fixes.dart:19:21 - The type of error can't be inferred; a type must be explicitly provided. Try specifying the type of the parameter. - inference_failure_on_untyped_parameter
warning - lib/core/fixes/lifecycle_fixes.dart:42:29 - The type of error can't be inferred; a type must be explicitly provided. Try specifying the type of the parameter. - inference_failure_on_untyped_parameter
