00:00 +0: loading /home/vinay-kali/Documents/productive_app/test/productivity_score_test.dart                                                                                                          00:01 +0: loading /home/vinay-kali/Documents/productive_app/test/productivity_score_test.dart                                                                                                          00:02 +0: loading /home/vinay-kali/Documents/productive_app/test/productivity_score_test.dart                                                                                                          00:02 +0: /home/vinay-kali/Documents/productive_app/test/productivity_score_test.dart: ProductivityScoreCalculator returns 100 for a perfect day with no overages                                      00:02 +1: /home/vinay-kali/Documents/productive_app/test/productivity_score_test.dart: ProductivityScoreCalculator returns 100 for a perfect day with no overages                                      00:02 +1: /home/vinay-kali/Documents/productive_app/test/productivity_score_test.dart: ProductivityScoreCalculator deducts 0.5 per minute over goal                                                    00:02 +2: /home/vinay-kali/Documents/productive_app/test/productivity_score_test.dart: ProductivityScoreCalculator deducts 0.5 per minute over goal                                                    00:02 +2: /home/vinay-kali/Documents/productive_app/test/productivity_score_test.dart: ProductivityScoreCalculator adds 10 points per completed session                                                00:02 +3: /home/vinay-kali/Documents/productive_app/test/productivity_score_test.dart: ProductivityScoreCalculator adds 10 points per completed session                                                00:02 +3: /home/vinay-kali/Documents/productive_app/test/productivity_score_test.dart: ProductivityScoreCalculator adds points for completed sessions when score is reduced                            00:02 +4: /home/vinay-kali/Documents/productive_app/test/productivity_score_test.dart: ProductivityScoreCalculator adds points for completed sessions when score is reduced                            00:02 +4: /home/vinay-kali/Documents/productive_app/test/productivity_score_test.dart: ProductivityScoreCalculator adds 5 points per goal met                                                          00:02 +5: /home/vinay-kali/Documents/productive_app/test/productivity_score_test.dart: ProductivityScoreCalculator adds 5 points per goal met                                                          00:02 +5: /home/vinay-kali/Documents/productive_app/test/productivity_score_test.dart: ProductivityScoreCalculator adds 2 per streak day, max 20                                                       00:02 +6: /home/vinay-kali/Documents/productive_app/test/productivity_score_test.dart: ProductivityScoreCalculator adds 2 per streak day, max 20                                                       00:02 +6: /home/vinay-kali/Documents/productive_app/test/productivity_score_test.dart: ProductivityScoreCalculator streak bonus is capped at 20                                                        00:02 +7: /home/vinay-kali/Documents/productive_app/test/productivity_score_test.dart: ProductivityScoreCalculator streak bonus is capped at 20                                                        00:02 +7: /home/vinay-kali/Documents/productive_app/test/productivity_score_test.dart: ProductivityScoreCalculator adds 20 bonus for social media free day                                             00:02 +8: /home/vinay-kali/Documents/productive_app/test/productivity_score_test.dart: ProductivityScoreCalculator adds 20 bonus for social media free day                                             00:02 +8: /home/vinay-kali/Documents/productive_app/test/productivity_score_test.dart: ProductivityScoreCalculator score is clamped between 0 and 100                                                  00:02 +9: /home/vinay-kali/Documents/productive_app/test/productivity_score_test.dart: ProductivityScoreCalculator score is clamped between 0 and 100                                                  00:02 +9: /home/vinay-kali/Documents/productive_app/test/productivity_score_test.dart: ProductivityScoreCalculator combined scenario: realistic productivity day                                       00:02 +10: /home/vinay-kali/Documents/productive_app/test/productivity_score_test.dart: ProductivityScoreCalculator combined scenario: realistic productivity day                                      00:02 +10: /home/vinay-kali/Documents/productive_app/test/productivity_score_test.dart: ProductivityScoreCalculator combined scenario: unproductive day                                                00:02 +11: /home/vinay-kali/Documents/productive_app/test/productivity_score_test.dart: ProductivityScoreCalculator combined scenario: unproductive day                                                00:03 +11: /home/vinay-kali/Documents/productive_app/test/productivity_score_test.dart: ProductivityScoreCalculator combined scenario: unproductive day                                                00:03 +11: loading /home/vinay-kali/Documents/productive_app/test/usage_tracker_test.dart                                                                                                              00:03 +11: /home/vinay-kali/Documents/productive_app/test/usage_tracker_test.dart: UsageTrackerService getUsageStats returns data from platform channel                                                00:03 +12: /home/vinay-kali/Documents/productive_app/test/usage_tracker_test.dart: UsageTrackerService getUsageStats returns data from platform channel                                                00:03 +12: /home/vinay-kali/Documents/productive_app/test/usage_tracker_test.dart: UsageTrackerService getAppUsageToday returns value for known package                                                00:03 +13: /home/vinay-kali/Documents/productive_app/test/usage_tracker_test.dart: UsageTrackerService getAppUsageToday returns value for known package                                                00:03 +13: /home/vinay-kali/Documents/productive_app/test/usage_tracker_test.dart: UsageTrackerService getAppUsageToday returns 0 for unknown package                                                  00:03 +14: /home/vinay-kali/Documents/productive_app/test/usage_tracker_test.dart: UsageTrackerService getAppUsageToday returns 0 for unknown package                                                  00:03 +14: /home/vinay-kali/Documents/productive_app/test/usage_tracker_test.dart: UsageTrackerService getTotalScreenTimeToday returns sum of all usage                                                00:03 +15: /home/vinay-kali/Documents/productive_app/test/usage_tracker_test.dart: UsageTrackerService getTotalScreenTimeToday returns sum of all usage                                                00:03 +15: /home/vinay-kali/Documents/productive_app/test/usage_tracker_test.dart: UsageTrackerService getSocialMediaUsageToday returns sum of social media apps                                       00:03 +16: /home/vinay-kali/Documents/productive_app/test/usage_tracker_test.dart: UsageTrackerService getSocialMediaUsageToday returns sum of social media apps                                       00:03 +16: /home/vinay-kali/Documents/productive_app/test/usage_tracker_test.dart: UsageTrackerService hasUsagePermission returns true from mock                                                       00:03 +17: /home/vinay-kali/Documents/productive_app/test/usage_tracker_test.dart: UsageTrackerService hasUsagePermission returns true from mock                                                       00:03 +17: loading /home/vinay-kali/Documents/productive_app/test/subscription_service_test.dart                                                                                                       00:03 +17: /home/vinay-kali/Documents/productive_app/test/subscription_service_test.dart: PurchaseService starts in free tier                                                                          00:03 +18: /home/vinay-kali/Documents/productive_app/test/subscription_service_test.dart: PurchaseService starts in free tier                                                                          00:03 +18: /home/vinay-kali/Documents/productive_app/test/subscription_service_test.dart: PurchaseService configure with empty key leaves service unconfigured                                         00:03 +19: /home/vinay-kali/Documents/productive_app/test/subscription_service_test.dart: PurchaseService configure with empty key leaves service unconfigured                                         00:03 +19: /home/vinay-kali/Documents/productive_app/test/subscription_service_test.dart: PurchaseService getOfferings returns mock offerings when unconfigured                                        00:03 +20: /home/vinay-kali/Documents/productive_app/test/subscription_service_test.dart: PurchaseService getOfferings returns mock offerings when unconfigured                                        00:03 +20: /home/vinay-kali/Documents/productive_app/test/subscription_service_test.dart: PurchaseService offering tiers are correct                                                                   00:03 +21: /home/vinay-kali/Documents/productive_app/test/subscription_service_test.dart: PurchaseService offering tiers are correct                                                                   00:03 +21: /home/vinay-kali/Documents/productive_app/test/subscription_service_test.dart: PurchaseService pro offerings have free trial                                                                00:03 +22: /home/vinay-kali/Documents/productive_app/test/subscription_service_test.dart: PurchaseService pro offerings have free trial                                                                00:03 +22: /home/vinay-kali/Documents/productive_app/test/subscription_service_test.dart: PurchaseService mock purchase updates current tier to basic                                                  00:03 +23: /home/vinay-kali/Documents/productive_app/test/subscription_service_test.dart: PurchaseService mock purchase updates current tier to basic                                                  00:03 +23: /home/vinay-kali/Documents/productive_app/test/subscription_service_test.dart: PurchaseService mock purchase updates current tier to pro                                                    00:03 +24: /home/vinay-kali/Documents/productive_app/test/subscription_service_test.dart: PurchaseService mock purchase updates current tier to pro                                                    00:03 +24: /home/vinay-kali/Documents/productive_app/test/subscription_service_test.dart: PurchaseService mock purchase updates current tier to elite                                                  00:03 +25: /home/vinay-kali/Documents/productive_app/test/subscription_service_test.dart: PurchaseService mock purchase updates current tier to elite                                                  00:03 +25: /home/vinay-kali/Documents/productive_app/test/subscription_service_test.dart: PurchaseService restorePurchases returns success in mock mode                                                00:03 +26: /home/vinay-kali/Documents/productive_app/test/subscription_service_test.dart: PurchaseService restorePurchases returns success in mock mode                                                00:03 +26: /home/vinay-kali/Documents/productive_app/test/subscription_service_test.dart: PurchaseService checkSubscriptionStatus returns current tier                                                 00:03 +27: /home/vinay-kali/Documents/productive_app/test/subscription_service_test.dart: PurchaseService checkSubscriptionStatus returns current tier                                                 00:03 +27: /home/vinay-kali/Documents/productive_app/test/subscription_service_test.dart: PurchaseService logoutUser resets tier to free when configured                                               00:03 +28: /home/vinay-kali/Documents/productive_app/test/subscription_service_test.dart: PurchaseService logoutUser resets tier to free when configured                                               00:04 +28: /home/vinay-kali/Documents/productive_app/test/subscription_service_test.dart: PurchaseService logoutUser resets tier to free when configured                                               00:04 +28: loading /home/vinay-kali/Documents/productive_app/test/widget_test.dart                                                                                                                     00:04 +28: /home/vinay-kali/Documents/productive_app/test/widget_test.dart: App loads successfully                                                                                                     00:04 +29: /home/vinay-kali/Documents/productive_app/test/widget_test.dart: App loads successfully                                                                                                     00:04 +29: loading /home/vinay-kali/Documents/productive_app/test/goal_repository_test.dart                                                                                                            00:04 +29: /home/vinay-kali/Documents/productive_app/test/goal_repository_test.dart: AppGoal creates AppGoal with required fields                                                                      00:04 +30: /home/vinay-kali/Documents/productive_app/test/goal_repository_test.dart: AppGoal creates AppGoal with required fields                                                                      00:04 +30: /home/vinay-kali/Documents/productive_app/test/goal_repository_test.dart: AppGoal calculates minutesOver correctly when over limit                                                          00:04 +31: /home/vinay-kali/Documents/productive_app/test/goal_repository_test.dart: AppGoal calculates minutesOver correctly when over limit                                                          00:04 +31: /home/vinay-kali/Documents/productive_app/test/goal_repository_test.dart: AppGoal minutesOver is 0 when under limit                                                                         00:04 +32: /home/vinay-kali/Documents/productive_app/test/goal_repository_test.dart: AppGoal minutesOver is 0 when under limit                                                                         00:04 +32: /home/vinay-kali/Documents/productive_app/test/goal_repository_test.dart: AppGoal minutesOver is 0 when exactly at limit                                                                    00:04 +33: /home/vinay-kali/Documents/productive_app/test/goal_repository_test.dart: AppGoal minutesOver is 0 when exactly at limit                                                                    00:04 +33: /home/vinay-kali/Documents/productive_app/test/goal_repository_test.dart: AppGoal progress calculates correctly                                                                             00:04 +34: /home/vinay-kali/Documents/productive_app/test/goal_repository_test.dart: AppGoal progress calculates correctly                                                                             00:04 +34: /home/vinay-kali/Documents/productive_app/test/goal_repository_test.dart: AppGoal progress is capped at 2.0 when way over limit                                                             00:04 +35: /home/vinay-kali/Documents/productive_app/test/goal_repository_test.dart: AppGoal progress is capped at 2.0 when way over limit                                                             00:04 +35: /home/vinay-kali/Documents/productive_app/test/goal_repository_test.dart: AppGoal isOverLimit is true when exceeded                                                                         00:04 +36: /home/vinay-kali/Documents/productive_app/test/goal_repository_test.dart: AppGoal isOverLimit is true when exceeded                                                                         00:04 +36: /home/vinay-kali/Documents/productive_app/test/goal_repository_test.dart: AppGoal isOverLimit is false when under or at limit                                                               00:05 +36: /home/vinay-kali/Documents/productive_app/test/goal_repository_test.dart: AppGoal isOverLimit is false when under or at limit                                                               00:05 +37: /home/vinay-kali/Documents/productive_app/test/goal_repository_test.dart: AppGoal isOverLimit is false when under or at limit                                                               00:05 +37: /home/vinay-kali/Documents/productive_app/test/goal_repository_test.dart: AppGoal isGoalMet is true when at or under limit                                                                  00:05 +38: /home/vinay-kali/Documents/productive_app/test/goal_repository_test.dart: AppGoal isGoalMet is true when at or under limit                                                                  00:05 +38: /home/vinay-kali/Documents/productive_app/test/goal_repository_test.dart: AppGoal minutesRemaining calculates correctly                                                                     00:05 +39: /home/vinay-kali/Documents/productive_app/test/goal_repository_test.dart: AppGoal minutesRemaining calculates correctly                                                                     00:05 +39: /home/vinay-kali/Documents/productive_app/test/goal_repository_test.dart: AppGoal minutesRemaining is 0 when over limit                                                                     00:05 +40: /home/vinay-kali/Documents/productive_app/test/goal_repository_test.dart: AppGoal minutesRemaining is 0 when over limit                                                                     00:05 +40: /home/vinay-kali/Documents/productive_app/test/goal_repository_test.dart: AppGoal copyWith creates a modified copy                                                                          00:05 +41: /home/vinay-kali/Documents/productive_app/test/goal_repository_test.dart: AppGoal copyWith creates a modified copy                                                                          00:05 +41: /home/vinay-kali/Documents/productive_app/test/goal_repository_test.dart: AppGoal toMap and fromMap roundtrip preserves data                                                                00:05 +42: /home/vinay-kali/Documents/productive_app/test/goal_repository_test.dart: AppGoal toMap and fromMap roundtrip preserves data                                                                00:05 +42: loading /home/vinay-kali/Documents/productive_app/test/enterprise_test.dart                                                                                                                 00:05 +42: /home/vinay-kali/Documents/productive_app/test/enterprise_test.dart: ScoreCalculatorService perfect day with all bonuses = 100                                                              00:05 +43: /home/vinay-kali/Documents/productive_app/test/enterprise_test.dart: ScoreCalculatorService perfect day with all bonuses = 100                                                              00:05 +43: /home/vinay-kali/Documents/productive_app/test/enterprise_test.dart: ScoreCalculatorService worst day with all penalties = 0                                                                00:05 +44: /home/vinay-kali/Documents/productive_app/test/enterprise_test.dart: ScoreCalculatorService worst day with all penalties = 0                                                                00:05 +44: /home/vinay-kali/Documents/productive_app/test/enterprise_test.dart: ScoreCalculatorService baseline score with no inputs = 100                                                             00:05 +45: /home/vinay-kali/Documents/productive_app/test/enterprise_test.dart: ScoreCalculatorService baseline score with no inputs = 100                                                             00:05 +45: /home/vinay-kali/Documents/productive_app/test/enterprise_test.dart: ScoreCalculatorService social media over goal deduction correct                                                        00:05 +46: /home/vinay-kali/Documents/productive_app/test/enterprise_test.dart: ScoreCalculatorService social media over goal deduction correct                                                        00:05 +46: /home/vinay-kali/Documents/productive_app/test/enterprise_test.dart: ScoreCalculatorService completed sessions bonus correct                                                                00:05 +47: /home/vinay-kali/Documents/productive_app/test/enterprise_test.dart: ScoreCalculatorService completed sessions bonus correct                                                                00:05 +47: /home/vinay-kali/Documents/productive_app/test/enterprise_test.dart: ScoreCalculatorService breakdown returns all factors                                                                   00:05 +48: /home/vinay-kali/Documents/productive_app/test/enterprise_test.dart: ScoreCalculatorService breakdown returns all factors                                                                   00:05 +48: /home/vinay-kali/Documents/productive_app/test/enterprise_test.dart: ScoreCalculatorService scoreTier returns correct tier                                                                  00:05 +49: /home/vinay-kali/Documents/productive_app/test/enterprise_test.dart: ScoreCalculatorService scoreTier returns correct tier                                                                  00:05 +49: /home/vinay-kali/Documents/productive_app/test/enterprise_test.dart: Result type Success holds value                                                                                        00:05 +50: /home/vinay-kali/Documents/productive_app/test/enterprise_test.dart: Result type Success holds value                                                                                        00:05 +50: /home/vinay-kali/Documents/productive_app/test/enterprise_test.dart: Result type Failure holds message                                                                                      00:05 +51: /home/vinay-kali/Documents/productive_app/test/enterprise_test.dart: Result type Failure holds message                                                                                      00:05 +51: /home/vinay-kali/Documents/productive_app/test/enterprise_test.dart: Result type when() dispatches correctly                                                                                00:05 +52: /home/vinay-kali/Documents/productive_app/test/enterprise_test.dart: Result type when() dispatches correctly                                                                                00:05 +52: /home/vinay-kali/Documents/productive_app/test/enterprise_test.dart: AppExceptions NetworkException status code messages                                                                    00:05 +53: /home/vinay-kali/Documents/productive_app/test/enterprise_test.dart: AppExceptions NetworkException status code messages                                                                    00:05 +53: /home/vinay-kali/Documents/productive_app/test/enterprise_test.dart: AppExceptions AuthException error code messages                                                                        00:05 +54: /home/vinay-kali/Documents/productive_app/test/enterprise_test.dart: AppExceptions AuthException error code messages                                                                        00:05 +54: /home/vinay-kali/Documents/productive_app/test/enterprise_test.dart: AppExceptions PermissionException permission messages                                                                  00:05 +55: /home/vinay-kali/Documents/productive_app/test/enterprise_test.dart: AppExceptions PermissionException permission messages                                                                  00:05 +55: /home/vinay-kali/Documents/productive_app/test/enterprise_test.dart: StringExtension capitalized                                                                                            00:05 +56: /home/vinay-kali/Documents/productive_app/test/enterprise_test.dart: StringExtension capitalized                                                                                            00:05 +56: /home/vinay-kali/Documents/productive_app/test/enterprise_test.dart: StringExtension titleCase                                                                                              00:05 +57: /home/vinay-kali/Documents/productive_app/test/enterprise_test.dart: StringExtension titleCase                                                                                              00:05 +57: /home/vinay-kali/Documents/productive_app/test/enterprise_test.dart: StringExtension isValidEmail                                                                                           00:05 +58: /home/vinay-kali/Documents/productive_app/test/enterprise_test.dart: StringExtension isValidEmail                                                                                           00:05 +58: /home/vinay-kali/Documents/productive_app/test/enterprise_test.dart: StringExtension truncate                                                                                               00:05 +59: /home/vinay-kali/Documents/productive_app/test/enterprise_test.dart: StringExtension truncate                                                                                               00:05 +59: /home/vinay-kali/Documents/productive_app/test/enterprise_test.dart: StringExtension initials                                                                                               00:05 +59 -1: /home/vinay-kali/Documents/productive_app/test/enterprise_test.dart: StringExtension initials [E]                                                                                        
  RangeError (index): Invalid value: Valid value range is empty: 0
  dart:core                                                         _StringBase.[]
  package:focus_guard/core/extensions/string_extensions.dart 23:43  StringExtension.initials
  test/enterprise_test.dart 174:17                                  main.<fn>.<fn>
  

To run this test again: /home/vinay-kali/flutter/bin/cache/dart-sdk/bin/dart test /home/vinay-kali/Documents/productive_app/test/enterprise_test.dart -p vm --plain-name 'StringExtension initials'
00:05 +59 -1: /home/vinay-kali/Documents/productive_app/test/enterprise_test.dart: StringExtension maskedEmail                                                                                         00:05 +60 -1: /home/vinay-kali/Documents/productive_app/test/enterprise_test.dart: StringExtension maskedEmail                                                                                         00:05 +60 -1: /home/vinay-kali/Documents/productive_app/test/enterprise_test.dart: DurationExtension shortFormat                                                                                       00:05 +61 -1: /home/vinay-kali/Documents/productive_app/test/enterprise_test.dart: DurationExtension shortFormat                                                                                       00:05 +61 -1: /home/vinay-kali/Documents/productive_app/test/enterprise_test.dart: DurationExtension timerFormat                                                                                       00:05 +62 -1: /home/vinay-kali/Documents/productive_app/test/enterprise_test.dart: DurationExtension timerFormat                                                                                       00:05 +62 -1: /home/vinay-kali/Documents/productive_app/test/enterprise_test.dart: DurationExtension totalMinutes                                                                                      00:05 +63 -1: /home/vinay-kali/Documents/productive_app/test/enterprise_test.dart: DurationExtension totalMinutes                                                                                      00:05 +63 -1: /home/vinay-kali/Documents/productive_app/test/enterprise_test.dart: DurationExtension percentOf                                                                                         00:05 +64 -1: /home/vinay-kali/Documents/productive_app/test/enterprise_test.dart: DurationExtension percentOf                                                                                         00:05 +64 -1: /home/vinay-kali/Documents/productive_app/test/enterprise_test.dart: DateTimeExtension isToday                                                                                           00:05 +65 -1: /home/vinay-kali/Documents/productive_app/test/enterprise_test.dart: DateTimeExtension isToday                                                                                           00:05 +65 -1: /home/vinay-kali/Documents/productive_app/test/enterprise_test.dart: DateTimeExtension isYesterday                                                                                       00:05 +66 -1: /home/vinay-kali/Documents/productive_app/test/enterprise_test.dart: DateTimeExtension isYesterday                                                                                       00:05 +66 -1: /home/vinay-kali/Documents/productive_app/test/enterprise_test.dart: DateTimeExtension startOfDay                                                                                        00:05 +67 -1: /home/vinay-kali/Documents/productive_app/test/enterprise_test.dart: DateTimeExtension startOfDay                                                                                        00:05 +67 -1: /home/vinay-kali/Documents/productive_app/test/enterprise_test.dart: DateTimeExtension dateKey format                                                                                    00:05 +68 -1: /home/vinay-kali/Documents/productive_app/test/enterprise_test.dart: DateTimeExtension dateKey format                                                                                    00:05 +68 -1: /home/vinay-kali/Documents/productive_app/test/enterprise_test.dart: UserModel fromJson and toJson roundtrip                                                                             00:05 +69 -1: /home/vinay-kali/Documents/productive_app/test/enterprise_test.dart: UserModel fromJson and toJson roundtrip                                                                             00:05 +69 -1: /home/vinay-kali/Documents/productive_app/test/enterprise_test.dart: UserModel copyWith preserves unchanged fields                                                                       00:05 +70 -1: /home/vinay-kali/Documents/productive_app/test/enterprise_test.dart: UserModel copyWith preserves unchanged fields                                                                       00:05 +70 -1: /home/vinay-kali/Documents/productive_app/test/enterprise_test.dart: SessionModel fromJson and toJson roundtrip                                                                          00:05 +71 -1: /home/vinay-kali/Documents/productive_app/test/enterprise_test.dart: SessionModel fromJson and toJson roundtrip                                                                          00:05 +71 -1: /home/vinay-kali/Documents/productive_app/test/enterprise_test.dart: GoalModel completionRate                                                                                            00:05 +72 -1: /home/vinay-kali/Documents/productive_app/test/enterprise_test.dart: GoalModel completionRate                                                                                            00:05 +72 -1: /home/vinay-kali/Documents/productive_app/test/enterprise_test.dart: HabitModel fromJson with completedDates                                                                             00:05 +73 -1: /home/vinay-kali/Documents/productive_app/test/enterprise_test.dart: HabitModel fromJson with completedDates                                                                             00:05 +73 -1: /home/vinay-kali/Documents/productive_app/test/enterprise_test.dart: AchievementModel rarity default is common                                                                           00:05 +74 -1: /home/vinay-kali/Documents/productive_app/test/enterprise_test.dart: AchievementModel rarity default is common                                                                           00:05 +74 -1: /home/vinay-kali/Documents/productive_app/test/enterprise_test.dart: SubscriptionModel isActive for free tier                                                                            00:05 +75 -1: /home/vinay-kali/Documents/productive_app/test/enterprise_test.dart: SubscriptionModel isActive for free tier                                                                            00:05 +75 -1: /home/vinay-kali/Documents/productive_app/test/enterprise_test.dart: SubscriptionModel isPro for pro tier                                                                                00:05 +76 -1: /home/vinay-kali/Documents/productive_app/test/enterprise_test.dart: SubscriptionModel isPro for pro tier                                                                                00:05 +76 -1: /home/vinay-kali/Documents/productive_app/test/enterprise_test.dart: SubscriptionModel isElite for elite tier                                                                            00:05 +77 -1: /home/vinay-kali/Documents/productive_app/test/enterprise_test.dart: SubscriptionModel isElite for elite tier                                                                            00:05 +77 -1: /home/vinay-kali/Documents/productive_app/test/enterprise_test.dart: RewardModel levelTitle progresses correctly                                                                         00:05 +78 -1: /home/vinay-kali/Documents/productive_app/test/enterprise_test.dart: RewardModel levelTitle progresses correctly                                                                         00:05 +78 -1: /home/vinay-kali/Documents/productive_app/test/enterprise_test.dart: LeaderboardModel rankChange computed correctly                                                                      00:05 +79 -1: /home/vinay-kali/Documents/productive_app/test/enterprise_test.dart: LeaderboardModel rankChange computed correctly                                                                      00:05 +79 -1: /home/vinay-kali/Documents/productive_app/test/enterprise_test.dart: JournalModel moodEmoji maps correctly                                                                               00:05 +80 -1: /home/vinay-kali/Documents/productive_app/test/enterprise_test.dart: JournalModel moodEmoji maps correctly                                                                               00:05 +80 -1: Some tests failed.                                                                                                                                                                       
